
> nextjs-app@0.1.0 build
> next build

Γû▓ Next.js 16.2.9 (Turbopack)

  Creating an optimized production build ...
Γ£ô Compiled successfully in 17.2s
  Running TypeScript ...
node.exe : Failed to type check.
At line:1 char:1
+ & "C:\Program Files\nodejs/node.exe" "C:\Users\Benjamin Soosay\AppDat ...
+ ~~~~~~~~~~~~~~~~~~~~~~~~~~~~~~~~~~~~~~~~~~~~~~~~~~~~~~~~~~~~~~~~~~~~~
    + CategoryInfo          : NotSpecified: (Failed to type check.:String) [], RemoteException
    + FullyQualifiedErrorId : NativeCommandError
 

./src/app/page.tsx:132:21
Type error: Type 'RegExp' is not assignable to type 'Url'.

  [90m130 |[0m                   </div>
  [90m131 |[0m                   <[33mLink[0m 
[31m[1m>[0m [90m132 |[0m                     href={[35m/products/[0m}
  [90m    |[0m                     [31m[1m^[0m
  [90m133 |[0m                     className=[32m"mt-3 block text-center bg-blue-600 text-white py-2 rounded...[0m
  [90m134 |[0m                   >
  [90m135 |[0m                     [33mView[0m [33mDetails[0m
Next.js build worker exited with code: 1 and signal: null
